../Core/Src/main.c:84:6:HAL_GPIO_EXTI_Callback	24	static
../Core/Src/main.c:122:6:HAL_UART_RxCpltCallback	32	static
../Core/Src/main.c:169:6:IsBoardOpen	16	static
../Core/Src/main.c:184:6:Pour	16	static
../Core/Src/main.c:220:6:Positon	16	static
../Core/Src/main.c:223:6:Catch	8	static
../Core/Src/main.c:233:6:Throw	4	static
../Core/Src/main.c:236:6:Direction	16	static
../Core/Src/main.c:239:6:Press	8	static
../Core/Src/main.c:255:5:main	32	static
../Core/Src/main.c:424:6:SystemClock_Config	88	static
../Core/Src/main.c:466:6:Error_Handler	4	static,ignoring_inline_asm
