../Core/Src/main.c:87:6:HAL_GPIO_EXTI_Callback	24	static
../Core/Src/main.c:125:6:HAL_UART_RxCpltCallback	48	static
../Core/Src/main.c:181:6:IsBoardOpen	16	static
../Core/Src/main.c:196:6:Pour	16	static
../Core/Src/main.c:232:6:Positon	40	static
../Core/Src/main.c:239:6:GoTogether	48	static
../Core/Src/main.c:249:6:Catch	8	static
../Core/Src/main.c:259:6:Throw	4	static
../Core/Src/main.c:262:6:Direction	16	static
../Core/Src/main.c:265:6:Press	8	static
../Core/Src/main.c:281:5:main	16	static
../Core/Src/main.c:458:6:SystemClock_Config	88	static
../Core/Src/main.c:500:6:Error_Handler	4	static,ignoring_inline_asm
